Nov-17 16:06:53.627 [main] DEBUG nextflow.cli.Launcher - $> nextflow -log OUTPUTS/20251117_160652/nextflow.log run . -c nextflow.config -with-report -profile singularity,kaust --input Galdi_gt20_50x_samplesheet.yaml --outdir OUTPUTS/20251117_160652 --organelles_on false --polishing_on false
Nov-17 16:06:53.710 [main] DEBUG nextflow.cli.CmdRun - N E X T F L O W  ~  version 25.04.6
Nov-17 16:06:53.732 [main] DEBUG nextflow.plugin.PluginsFacade - Setting up plugin manager > mode=prod; embedded=false; plugins-dir=/home/pampum/.nextflow/plugins; core-plugins: nf-amazon@2.15.0,nf-azure@1.16.0,nf-cloudcache@0.4.3,nf-codecommit@0.2.3,nf-console@1.2.1,nf-google@1.21.1,nf-k8s@1.0.0,nf-tower@1.11.4,nf-wave@1.12.1
Nov-17 16:06:53.755 [main] INFO  o.pf4j.DefaultPluginStatusProvider - Enabled plugins: []
Nov-17 16:06:53.756 [main] INFO  o.pf4j.DefaultPluginStatusProvider - Disabled plugins: []
Nov-17 16:06:53.759 [main] INFO  org.pf4j.DefaultPluginManager - PF4J version 3.12.0 in 'deployment' mode
Nov-17 16:06:53.770 [main] INFO  org.pf4j.AbstractPluginManager - No plugins
Nov-17 16:06:54.626 [main] DEBUG nextflow.config.ConfigBuilder - Found config local: /ibex/project/c2303/20251019_Galdi-T2T-Assembly/SANGERTOL-TEST/GENOME-ASSEMBLER-TEST_Local_fork_rev_0c2aae85173eba12446e3f325431653e2d697c22/genomeassembly/nextflow.config
Nov-17 16:06:54.629 [main] DEBUG nextflow.config.ConfigBuilder - User config file: /ibex/project/c2303/20251019_Galdi-T2T-Assembly/SANGERTOL-TEST/GENOME-ASSEMBLER-TEST_Local_fork_rev_0c2aae85173eba12446e3f325431653e2d697c22/genomeassembly/nextflow.config
Nov-17 16:06:54.630 [main] DEBUG nextflow.config.ConfigBuilder - Parsing config file: /ibex/project/c2303/20251019_Galdi-T2T-Assembly/SANGERTOL-TEST/GENOME-ASSEMBLER-TEST_Local_fork_rev_0c2aae85173eba12446e3f325431653e2d697c22/genomeassembly/nextflow.config
Nov-17 16:06:54.631 [main] DEBUG nextflow.config.ConfigBuilder - Parsing config file: /ibex/project/c2303/20251019_Galdi-T2T-Assembly/SANGERTOL-TEST/GENOME-ASSEMBLER-TEST_Local_fork_rev_0c2aae85173eba12446e3f325431653e2d697c22/genomeassembly/nextflow.config
Nov-17 16:06:54.649 [main] DEBUG n.secret.LocalSecretsProvider - Secrets store: /home/pampum/.nextflow/secrets/store.json
Nov-17 16:06:54.652 [main] DEBUG nextflow.secret.SecretsLoader - Discovered secrets providers: [nextflow.secret.LocalSecretsProvider@15eb0ae9] - activable => nextflow.secret.LocalSecretsProvider@15eb0ae9
Nov-17 16:06:54.664 [main] DEBUG nextflow.config.ConfigBuilder - Applying config profile: `singularity,kaust`
Nov-17 16:06:57.775 [main] DEBUG nextflow.config.ConfigBuilder - Applying config profile: `singularity,kaust`
Nov-17 16:06:58.498 [main] DEBUG nextflow.config.ConfigBuilder - Available config profiles: [bih, cfc_dev, uzl_omics, ifb_core, embl_hd, denbi_qbic, alice, mjolnir_globe, uppmax, giga, incliva, ilifu, ki_luria, uge, icr_alma, rosalind_uge, lugh, mccleary, unibe_ibu, vai, czbiohub_aws, jax, roslin, tes, scw, unc_longleaf, tigem, tubingen_apg, apollo, ipop_up, vsc_calcua, pdc_kth, ceci_nic5, ccga_cau, humantechnopole, stjude, daisybio, eddie, medair, biowulf, apptainer, bi, bigpurple, adcra, cedars, pawsey_setonix, vsc_kul_uhasselt, pawsey_nimbus, rki, ucl_myriad, utd_ganymede, charliecloud, fred_hutch, seattlechildrens, icr_davros, ceres, munin, arm, rosalind, hasta, cfc, uzh, shu_bmrc, ebi_codon_slurm, ebc, ccga_dx, crick, ku_sund_danhead, marvin, biohpc_gen, shifter, mana, mamba, york_viking, unc_lccc, wehi, awsbatch, wustl_htcf, arcc, ceci_dragon2, imperial, maestro, software_license, cannon, genotoul, nci_gadi, abims, eva_grace, janelia, nu_genomics, googlebatch, oist, sahmri, kaust, alliance_canada, mpcdf, leicester, vsc_ugent, create, sage, cambridge, jex, podman, ebi_codon, cheaha, xanadu, nyu_hpc, test, marjorie, computerome, ucd_sonic, seg_globe, mssm, sanger, dkfz, cleanup, bluebear, pasteur, einstein, ethz_euler, m3c, test_full, imb, ucl_cscluster, tuos_stanage, azurebatch, seadragon, crukmi, csiro_petrichor, qmul_apocrita, docker, engaging, gis, hypatia, psmn, eva, unity, cropdiversityhpc, nygc, fgcz, conda, crg, singularity, mpcdf_viper, pe2, dirac, self_hosted_runner, tufts, uw_hyak_pedslabs, binac2, hki_genie, debug, genouest, cbe, unsw_katana, utd_juno, phoenix, gitpod, seawulf, uod_hpc, fub_curta, lovelace, uct_hpc, aws_tower, binac, fsu_draco, longranger_lsf_sanger]
Nov-17 16:06:58.542 [main] DEBUG nextflow.cli.CmdRun - Applied DSL=2 from script declaration
Nov-17 16:06:58.559 [main] DEBUG nextflow.cli.CmdRun - Launching `./main.nf` [astonishing_coulomb] DSL2 - revision: 6caff0e46b
Nov-17 16:06:58.560 [main] DEBUG nextflow.plugin.PluginsFacade - Plugins default=[]
Nov-17 16:06:58.560 [main] DEBUG nextflow.plugin.PluginsFacade - Plugins resolved requirement=[]
Nov-17 16:06:58.610 [main] DEBUG nextflow.Session - Session UUID: 35bc9a69-bd6d-4e50-9725-9b333f3dd14b
Nov-17 16:06:58.611 [main] DEBUG nextflow.Session - Run name: astonishing_coulomb
Nov-17 16:06:58.612 [main] DEBUG nextflow.Session - Executor pool size: 40
Nov-17 16:06:58.619 [main] DEBUG nextflow.file.FilePorter - File porter settings maxRetries=3; maxTransfers=50; pollTimeout=null
Nov-17 16:06:58.623 [main] DEBUG nextflow.util.ThreadPoolBuilder - Creating thread pool 'FileTransfer' minSize=10; maxSize=120; workQueue=LinkedBlockingQueue[-1]; allowCoreThreadTimeout=false
Nov-17 16:06:58.721 [main] DEBUG nextflow.cli.CmdRun - 
  Version: 25.04.6 build 5954
  Created: 01-07-2025 11:27 UTC (14:27 ADT)
  System: Linux 5.14.0-427.20.1.el9_4.0.1.x86_64
  Runtime: Groovy 4.0.26 on Java HotSpot(TM) 64-Bit Server VM 19.0.1+10-21
  Encoding: UTF-8 (UTF-8)
  Process: 727712@login509-02-l [10.109.65.7]
  CPUs: 40 - Mem: 376.6 GB (4.2 GB) - Swap: 0 (0)
Nov-17 16:06:58.909 [main] DEBUG nextflow.Session - Work-dir: /ibex/scratch/projects/c2303/work [UNKNOWN (0x18031977)]
Nov-17 16:06:58.954 [main] DEBUG nextflow.executor.ExecutorFactory - Extension executors providers=[]
Nov-17 16:06:58.962 [main] DEBUG nextflow.Session - Observer factory: DefaultObserverFactory
Nov-17 16:06:58.983 [main] DEBUG nextflow.Session - Observer factory (v2): LinObserverFactory
Nov-17 16:06:59.026 [main] DEBUG nextflow.cache.CacheFactory - Using Nextflow cache factory: nextflow.cache.DefaultCacheFactory
Nov-17 16:06:59.034 [main] DEBUG nextflow.util.CustomThreadPool - Creating default thread pool > poolSize: 41; maxThreads: 1000
Nov-17 16:06:59.101 [main] DEBUG nextflow.Session - Session start
Nov-17 16:06:59.104 [main] DEBUG nextflow.trace.TraceFileObserver - Workflow started -- trace file: /ibex/project/c2303/20251019_Galdi-T2T-Assembly/SANGERTOL-TEST/GENOME-ASSEMBLER-TEST_Local_fork_rev_0c2aae85173eba12446e3f325431653e2d697c22/genomeassembly/OUTPUTS/20251117_160652/genomeassembly_info/execution_trace_2025-11-17_16-06-58.txt
Nov-17 16:06:59.112 [main] DEBUG nextflow.Session - Using default localLib path: /ibex/project/c2303/20251019_Galdi-T2T-Assembly/SANGERTOL-TEST/GENOME-ASSEMBLER-TEST_Local_fork_rev_0c2aae85173eba12446e3f325431653e2d697c22/genomeassembly/lib
Nov-17 16:06:59.116 [main] DEBUG nextflow.Session - Adding to the classpath library: /ibex/project/c2303/20251019_Galdi-T2T-Assembly/SANGERTOL-TEST/GENOME-ASSEMBLER-TEST_Local_fork_rev_0c2aae85173eba12446e3f325431653e2d697c22/genomeassembly/lib
Nov-17 16:06:59.116 [main] DEBUG nextflow.Session - Adding to the classpath library: /ibex/project/c2303/20251019_Galdi-T2T-Assembly/SANGERTOL-TEST/GENOME-ASSEMBLER-TEST_Local_fork_rev_0c2aae85173eba12446e3f325431653e2d697c22/genomeassembly/lib/nfcore_external_java_deps.jar
Nov-17 16:06:59.807 [main] DEBUG nextflow.script.ScriptRunner - > Launching execution
Nov-17 16:06:59.849 [main] INFO  nextflow.Nextflow - 

-[2m----------------------------------------------------[0m-
[0;35m  sanger-tol/genomeassembly v0.10.1dev[0m
-[2m----------------------------------------------------[0m-
[1mCore Nextflow options[0m
  [0;34mrunName                   : [0;32mastonishing_coulomb[0m
  [0;34mcontainerEngine           : [0;32msingularity[0m
  [0;34mlaunchDir                 : [0;32m/ibex/project/c2303/20251019_Galdi-T2T-Assembly/SANGERTOL-TEST/GENOME-ASSEMBLER-TEST_Local_fork_rev_0c2aae85173eba12446e3f325431653e2d697c22/genomeassembly[0m
  [0;34mworkDir                   : [0;32m/ibex/scratch/projects/c2303/work[0m
  [0;34mprojectDir                : [0;32m/ibex/project/c2303/20251019_Galdi-T2T-Assembly/SANGERTOL-TEST/GENOME-ASSEMBLER-TEST_Local_fork_rev_0c2aae85173eba12446e3f325431653e2d697c22/genomeassembly[0m
  [0;34muserName                  : [0;32mpampum[0m
  [0;34mprofile                   : [0;32msingularity,kaust[0m
  [0;34mconfigFiles               : [0;32m/ibex/project/c2303/20251019_Galdi-T2T-Assembly/SANGERTOL-TEST/GENOME-ASSEMBLER-TEST_Local_fork_rev_0c2aae85173eba12446e3f325431653e2d697c22/genomeassembly/nextflow.config, /ibex/project/c2303/20251019_Galdi-T2T-Assembly/SANGERTOL-TEST/GENOME-ASSEMBLER-TEST_Local_fork_rev_0c2aae85173eba12446e3f325431653e2d697c22/genomeassembly/nextflow.config[0m

[1mInput/output options[0m
  [0;34minput                     : [0;32mGaldi_gt20_50x_samplesheet.yaml[0m
  [0;34moutdir                    : [0;32mOUTPUTS/20251117_160652[0m
  [0;34mtimestamp                 : [0;32m20251117[0m
  [0;34mhifiasm                   : [0;32mhifiasm.20251117[0m
  [0;34mhifiasmhic                : [0;32mhifiasm-hic.20251117[0m
  [0;34mhifiasmtrio               : [0;32mhifiasm-trio.20251117[0m

[1mInstitutional config options[0m
  [0;34mconfig_profile_name       : [0;32mKAUST[0m
  [0;34mconfig_profile_description: [0;32mProfile for use on King Abdullah Univesity of Science and Technology (KAUST) Ibex Cluster.[0m
  [0;34mconfig_profile_contact    : [0;32mHusen Umer (@kaust.edu.sa)[0m
  [0;34mconfig_profile_url        : [0;32mhttps://docs.hpc.kaust.edu.sa/quickstart/ibex.html[0m

!! Only displaying parameters that differ from the pipeline defaults !!
-[2m----------------------------------------------------[0m-
If you use sanger-tol/genomeassembly for your analysis please cite:

* The pipeline
  https://doi.org/10.5281/zenodo.10391851

* The nf-core framework
  https://doi.org/10.1038/s41587-020-0439-x

* Software dependencies
  https://github.com/sanger-tol/genomeassembly/blob/master/CITATIONS.md
-[2m----------------------------------------------------[0m-
Nov-17 16:06:59.939 [main] WARN  nextflow.Nextflow - Found unexpected parameters:
* --igenomes_ignore: true
Nov-17 16:06:59.940 [main] INFO  nextflow.Nextflow - - [2mIgnore this warning: params.schema_ignore_params = "igenomes_ignore" [0m
Nov-17 16:07:05.773 [main] DEBUG nextflow.script.ProcessConfig - Config settings `withLabel:process_low` matches labels `process_low` for process with name SANGERTOL_GENOMEASSEMBLY:GENOMEASSEMBLY:GENOMESCOPE_MODEL:CAT_CAT_READS
Nov-17 16:07:05.788 [main] DEBUG nextflow.executor.ExecutorFactory - << taskConfig executor: slurm
Nov-17 16:07:05.788 [main] DEBUG nextflow.executor.ExecutorFactory - >> processorType: 'slurm'
Nov-17 16:07:05.799 [main] DEBUG nextflow.executor.Executor - [warm up] executor > slurm
Nov-17 16:07:05.806 [main] DEBUG n.processor.TaskPollingMonitor - Creating task monitor for executor 'slurm' > capacity: 100; pollInterval: 5s; dumpInterval: 5m 
Nov-17 16:07:05.807 [main] DEBUG n.processor.TaskPollingMonitor - >>> barrier register (monitor: slurm)
Nov-17 16:07:05.809 [main] DEBUG n.executor.AbstractGridExecutor - Creating executor 'slurm' > queue-stat-interval: 1m
Nov-17 16:07:05.828 [main] DEBUG nextflow.processor.TaskProcessor - Creating process 'SANGERTOL_GENOMEASSEMBLY:GENOMEASSEMBLY:GENOMESCOPE_MODEL:CAT_CAT_READS': maxForks=0; fair=false; array=0
Nov-17 16:07:05.866 [main] DEBUG nextflow.script.ProcessConfig - Config settings `withLabel:process_medium` matches labels `process_medium` for process with name SANGERTOL_GENOMEASSEMBLY:GENOMEASSEMBLY:GENOMESCOPE_MODEL:FASTK_FASTK
Nov-17 16:07:05.868 [main] DEBUG nextflow.script.ProcessConfig - Config settings `withName:FASTK_FASTK` matches process SANGERTOL_GENOMEASSEMBLY:GENOMEASSEMBLY:GENOMESCOPE_MODEL:FASTK_FASTK
Nov-17 16:07:05.874 [main] DEBUG nextflow.executor.ExecutorFactory - << taskConfig executor: slurm
Nov-17 16:07:05.874 [main] DEBUG nextflow.executor.ExecutorFactory - >> processorType: 'slurm'
Nov-17 16:07:05.875 [main] DEBUG nextflow.processor.TaskProcessor - Creating process 'SANGERTOL_GENOMEASSEMBLY:GENOMEASSEMBLY:GENOMESCOPE_MODEL:FASTK_FASTK': maxForks=0; fair=false; array=0
Nov-17 16:07:05.882 [main] DEBUG nextflow.script.ProcessConfig - Config settings `withLabel:process_low` matches labels `process_low` for process with name SANGERTOL_GENOMEASSEMBLY:GENOMEASSEMBLY:GENOMESCOPE_MODEL:FASTK_HISTEX
Nov-17 16:07:05.884 [main] DEBUG nextflow.script.ProcessConfig - Config settings `withName:FASTK_HISTEX` matches process SANGERTOL_GENOMEASSEMBLY:GENOMEASSEMBLY:GENOMESCOPE_MODEL:FASTK_HISTEX
Nov-17 16:07:05.887 [main] DEBUG nextflow.executor.ExecutorFactory - << taskConfig executor: slurm
Nov-17 16:07:05.887 [main] DEBUG nextflow.executor.ExecutorFactory - >> processorType: 'slurm'
Nov-17 16:07:05.888 [main] DEBUG nextflow.processor.TaskProcessor - Creating process 'SANGERTOL_GENOMEASSEMBLY:GENOMEASSEMBLY:GENOMESCOPE_MODEL:FASTK_HISTEX': maxForks=0; fair=false; array=0
Nov-17 16:07:05.908 [main] DEBUG nextflow.script.ProcessConfig - Config settings `withLabel:process_low` matches labels `process_low` for process with name SANGERTOL_GENOMEASSEMBLY:GENOMEASSEMBLY:GENOMESCOPE_MODEL:TRIO_PROCESS:YAK_COUNT_PAT
Nov-17 16:07:05.910 [main] DEBUG nextflow.script.ProcessConfig - Config settings `withName:YAK_COUNT_PAT` matches process SANGERTOL_GENOMEASSEMBLY:GENOMEASSEMBLY:GENOMESCOPE_MODEL:TRIO_PROCESS:YAK_COUNT_PAT
Nov-17 16:07:05.913 [main] DEBUG nextflow.executor.ExecutorFactory - << taskConfig executor: slurm
Nov-17 16:07:05.914 [main] DEBUG nextflow.executor.ExecutorFactory - >> processorType: 'slurm'
Nov-17 16:07:05.915 [main] DEBUG nextflow.processor.TaskProcessor - Creating process 'SANGERTOL_GENOMEASSEMBLY:GENOMEASSEMBLY:GENOMESCOPE_MODEL:TRIO_PROCESS:YAK_COUNT_PAT': maxForks=0; fair=false; array=0
Nov-17 16:07:05.922 [main] DEBUG nextflow.script.ProcessConfig - Config settings `withLabel:process_medium` matches labels `process_medium` for process with name SANGERTOL_GENOMEASSEMBLY:GENOMEASSEMBLY:GENOMESCOPE_MODEL:TRIO_PROCESS:FASTK_PAT
Nov-17 16:07:05.923 [main] DEBUG nextflow.script.ProcessConfig - Config settings `withName:FASTK_FASTK` matches process SANGERTOL_GENOMEASSEMBLY:GENOMEASSEMBLY:GENOMESCOPE_MODEL:TRIO_PROCESS:FASTK_PAT
Nov-17 16:07:05.927 [main] DEBUG nextflow.executor.ExecutorFactory - << taskConfig executor: slurm
Nov-17 16:07:05.927 [main] DEBUG nextflow.executor.ExecutorFactory - >> processorType: 'slurm'
Nov-17 16:07:05.928 [main] DEBUG nextflow.processor.TaskProcessor - Creating process 'SANGERTOL_GENOMEASSEMBLY:GENOMEASSEMBLY:GENOMESCOPE_MODEL:TRIO_PROCESS:FASTK_PAT': maxForks=0; fair=false; array=0
Nov-17 16:07:05.937 [main] DEBUG nextflow.script.ProcessConfig - Config settings `withLabel:process_low` matches labels `process_low` for process with name SANGERTOL_GENOMEASSEMBLY:GENOMEASSEMBLY:GENOMESCOPE_MODEL:TRIO_PROCESS:YAK_COUNT_MAT
Nov-17 16:07:05.938 [main] DEBUG nextflow.script.ProcessConfig - Config settings `withName:YAK_COUNT_MAT` matches process SANGERTOL_GENOMEASSEMBLY:GENOMEASSEMBLY:GENOMESCOPE_MODEL:TRIO_PROCESS:YAK_COUNT_MAT
Nov-17 16:07:05.942 [main] DEBUG nextflow.executor.ExecutorFactory - << taskConfig executor: slurm
Nov-17 16:07:05.942 [main] DEBUG nextflow.executor.ExecutorFactory - >> processorType: 'slurm'
Nov-17 16:07:05.942 [main] DEBUG nextflow.processor.TaskProcessor - Creating process 'SANGERTOL_GENOMEASSEMBLY:GENOMEASSEMBLY:GENOMESCOPE_MODEL:TRIO_PROCESS:YAK_COUNT_MAT': maxForks=0; fair=false; array=0
Nov-17 16:07:05.947 [main] DEBUG nextflow.script.ProcessConfig - Config settings `withLabel:process_medium` matches labels `process_medium` for process with name SANGERTOL_GENOMEASSEMBLY:GENOMEASSEMBLY:GENOMESCOPE_MODEL:TRIO_PROCESS:FASTK_MAT
Nov-17 16:07:05.948 [main] DEBUG nextflow.script.ProcessConfig - Config settings `withName:FASTK_FASTK` matches process SANGERTOL_GENOMEASSEMBLY:GENOMEASSEMBLY:GENOMESCOPE_MODEL:TRIO_PROCESS:FASTK_MAT
Nov-17 16:07:05.952 [main] DEBUG nextflow.executor.ExecutorFactory - << taskConfig executor: slurm
Nov-17 16:07:05.952 [main] DEBUG nextflow.executor.ExecutorFactory - >> processorType: 'slurm'
Nov-17 16:07:05.953 [main] DEBUG nextflow.processor.TaskProcessor - Creating process 'SANGERTOL_GENOMEASSEMBLY:GENOMEASSEMBLY:GENOMESCOPE_MODEL:TRIO_PROCESS:FASTK_MAT': maxForks=0; fair=false; array=0
Nov-17 16:07:05.963 [main] DEBUG nextflow.script.ProcessConfig - Config settings `withLabel:process_low` matches labels `process_low` for process with name SANGERTOL_GENOMEASSEMBLY:GENOMEASSEMBLY:GENOMESCOPE_MODEL:TRIO_PROCESS:MERQURYFK_HAPMAKER
Nov-17 16:07:05.967 [main] DEBUG nextflow.executor.ExecutorFactory - << taskConfig executor: slurm
Nov-17 16:07:05.967 [main] DEBUG nextflow.executor.ExecutorFactory - >> processorType: 'slurm'
Nov-17 16:07:05.967 [main] DEBUG nextflow.processor.TaskProcessor - Creating process 'SANGERTOL_GENOMEASSEMBLY:GENOMEASSEMBLY:GENOMESCOPE_MODEL:TRIO_PROCESS:MERQURYFK_HAPMAKER': maxForks=0; fair=false; array=0
Nov-17 16:07:05.982 [main] DEBUG nextflow.script.ProcessConfig - Config settings `withLabel:process_low` matches labels `process_low` for process with name SANGERTOL_GENOMEASSEMBLY:GENOMEASSEMBLY:GENOMESCOPE_MODEL:GENESCOPEFK
Nov-17 16:07:05.983 [main] DEBUG nextflow.script.ProcessConfig - Config settings `withName:GENESCOPEFK` matches process SANGERTOL_GENOMEASSEMBLY:GENOMEASSEMBLY:GENOMESCOPE_MODEL:GENESCOPEFK
Nov-17 16:07:05.986 [main] DEBUG nextflow.executor.ExecutorFactory - << taskConfig executor: slurm
Nov-17 16:07:05.986 [main] DEBUG nextflow.executor.ExecutorFactory - >> processorType: 'slurm'
Nov-17 16:07:05.987 [main] DEBUG nextflow.processor.TaskProcessor - Creating process 'SANGERTOL_GENOMEASSEMBLY:GENOMEASSEMBLY:GENOMESCOPE_MODEL:GENESCOPEFK': maxForks=0; fair=false; array=0
Nov-17 16:07:06.011 [main] DEBUG nextflow.Session - Workflow process names [dsl2]: SMUDGEPLOT, BUSCO, MITOHIFI_FINDMITOREFERENCE, MITOHIFI_MITOHIFI, CAT_CAT_RAW, JUICER_PRE, SAMTOOLS_MERGE, SANGERTOL_GENOMEASSEMBLY:GENOMEASSEMBLY:GENOMESCOPE_MODEL:TRIO_PROCESS:FASTK_PAT, COOLER_ZOOMIFY, HIFIASM, BCFTOOLS_CONSENSUS, SAMTOOLS_STATS, CRAM_FILTER_MINIMAP2_FILTER5END_FIXMATE_SORT, GFA_TO_FASTA, BWAMEM2_INDEX, SANGERTOL_GENOMEASSEMBLY:GENOMEASSEMBLY:GENOMESCOPE_MODEL:TRIO_PROCESS:YAK_COUNT_PAT, SANGERTOL_GENOMEASSEMBLY:GENOMEASSEMBLY:GENOMESCOPE_MODEL:CAT_CAT_READS, MERQURYFK_MERQURYFK, HIFIASM_PRI, BCFTOOLS_CONCAT, KEEP_SEQNAMES, SEQTK_SUBSEQ_HAPLOTIGS, GET_CALCUTS_PARAMS, YAHS, CAT_CAT_PURGEDUPS, MINIMAP2_INDEX, SAMTOOLS_INDEX, SAMTOOLS_FAIDX_PURGEDUPS, SANGERTOL_GENOMEASSEMBLY:GENOMEASSEMBLY:GENOMESCOPE_MODEL:GENESCOPEFK, CAT_CAT_HAPLOTIGS, SAMTOOLS_MERGE_HIC_MAPPING, MERQURYFK_HAPMAKER, BCFTOOLS_INDEX, SAMTOOLS_FAIDX_HIC_MAPPING, SEQTK_SUBSEQ, JUICER_TOOLS_PRE, BED_CHUNKS, HIFIASM_TRIO, YAK_COUNT_MAT, GENERATE_CRAM_CSV, SANGERTOL_GENOMEASSEMBLY:GENOMEASSEMBLY:GENOMESCOPE_MODEL:FASTK_FASTK, FASTK_FASTK, CAT_CAT, FREEBAYES, FASTK_MAT, SAMTOOLS_FAIDX, GFA_TO_FASTA_HAP1_HIC, PURGEDUPS_PBCSTAT, GFA_TO_FASTA_MAT, SAMTOOLS_FLAGSTAT, BUSCO_HAP, MITOHIFI_MITOHIFI_CONTIGS, BCFTOOLS_SORT, BCFTOOLS_VIEW, BCFTOOLS_INDEX_NORM, SCAFFOLDS_FAIDX, GFASTATS, SAMTOOLS_MARKDUP, GENESCOPEFK, CAT_CAT_READS, MINIMAP2_ALIGN, BCFTOOLS_NORM, BUSCO_PRI, FASTK_HISTEX, PREPARE_PRETEXTMAP_INPUT, PURGEDUPS_PURGEDUPS, LONGRANGER_MKREF, COOLER_CLOAD, YAK_COUNT_PAT, MERGE_FREEBAYES, PURGEDUPS_GETSEQS, KEEP_SEQNAMES_PRIMARY, GATK4_MERGEVCFS, KEEP_SEQNAMES_HAPLOTIGS, FASTK_PAT, BCFTOOLS_INDEX_FB, GFASTATS_HAP, CHROM_SIZES, GrabFiles, YAK_COUNT, SANGERTOL_GENOMEASSEMBLY:GENOMEASSEMBLY:GENOMESCOPE_MODEL:TRIO_PROCESS:FASTK_MAT, PURGEDUPS_SPLITFA, MITOHIFI_MITOHIFI_READS, MINIMAP2_ALIGN_ASSEMBLY, LONGRANGER_COVERAGE, SAMTOOLS_MARKDUP_HIC_MAPPING, CRAM_FILTER_ALIGN_BWAMEM2_FIXMATE_SORT, HIFIASM_HIC, SANGERTOL_GENOMEASSEMBLY:GENOMEASSEMBLY:GENOMESCOPE_MODEL:FASTK_HISTEX, GFA_TO_FASTA_HAP2_HIC, BAMTOBED_SORT, CONTIGS_FAIDX, PURGEDUPS_CALCUTS, GFASTATS_PRI, PRETEXTMAP, SAMTOOLS_VIEW, PRETEXTSNAPSHOT, GFA_TO_FASTA_PAT, SANGERTOL_GENOMEASSEMBLY:GENOMEASSEMBLY:GENOMESCOPE_MODEL:TRIO_PROCESS:MERQURYFK_HAPMAKER, GFA_TO_FASTA_PRI, GFA_TO_FASTA_ALT, SANGERTOL_GENOMEASSEMBLY:GENOMEASSEMBLY:GENOMESCOPE_MODEL:TRIO_PROCESS:YAK_COUNT_MAT, OATK, LONGRANGER_ALIGN, SEQTK_SUBSEQ_PRIMARY, CAT_CAT_MITOHIFI_READS, SAMTOOLS_IDXSTATS, CUSTOM_DUMPSOFTWAREVERSIONS, MINIMAP2_ALIGN_READS
Nov-17 16:07:06.106 [main] WARN  nextflow.Session - There's no process matching config selector: .*:HIFIASM.* -- Did you mean: HIFIASM?
Nov-17 16:07:06.108 [main] WARN  nextflow.Session - There's no process matching config selector: .*GENOME_STATISTICS_SCAFFOLDS_TRIO:MERQURYFK_MERQURYFK
Nov-17 16:07:06.108 [main] WARN  nextflow.Session - There's no process matching config selector: .*RAW_ASSEMBLY:GFA_TO_FASTA_PRI
Nov-17 16:07:06.108 [main] WARN  nextflow.Session - There's no process matching config selector: .*RAW_ASSEMBLY:GFA_TO_FASTA_ALT
Nov-17 16:07:06.108 [main] WARN  nextflow.Session - There's no process matching config selector: .*GENOME_STATISTICS_RAW:GFASTATS_PRI
Nov-17 16:07:06.108 [main] WARN  nextflow.Session - There's no process matching config selector: .*GENOME_STATISTICS_RAW:GFASTATS_HAP
Nov-17 16:07:06.108 [main] WARN  nextflow.Session - There's no process matching config selector: .*GENOME_STATISTICS_RAW:BUSCO_PRI
Nov-17 16:07:06.108 [main] WARN  nextflow.Session - There's no process matching config selector: .*GENOME_STATISTICS_RAW:MERQURYFK_MERQURYFK
Nov-17 16:07:06.108 [main] WARN  nextflow.Session - There's no process matching config selector: .*PURGE_DUPS:MINIMAP2_ALIGN_READS
Nov-17 16:07:06.108 [main] WARN  nextflow.Session - There's no process matching config selector: .*PURGE_DUPS:PURGEDUPS_PBCSTAT
Nov-17 16:07:06.108 [main] WARN  nextflow.Session - There's no process matching config selector: .*PURGE_DUPS:GET_CALCUTS_PARAMS
Nov-17 16:07:06.109 [main] WARN  nextflow.Session - There's no process matching config selector: .*PURGE_DUPS:PURGEDUPS_CALCUTS
Nov-17 16:07:06.109 [main] WARN  nextflow.Session - There's no process matching config selector: .*PURGE_DUPS:PURGEDUPS_SPLITFA
Nov-17 16:07:06.109 [main] WARN  nextflow.Session - There's no process matching config selector: .*PURGE_DUPS:MINIMAP2_ALIGN_ASSEMBLY
Nov-17 16:07:06.109 [main] WARN  nextflow.Session - There's no process matching config selector: .*PURGE_DUPS:PURGEDUPS_PURGEDUPS
Nov-17 16:07:06.109 [main] WARN  nextflow.Session - There's no process matching config selector: .*PURGE_DUPS:PURGEDUPS_GETSEQS
Nov-17 16:07:06.109 [main] WARN  nextflow.Session - There's no process matching config selector: .*GENOME_STATISTICS_PURGED:GFASTATS_PRI
Nov-17 16:07:06.109 [main] WARN  nextflow.Session - There's no process matching config selector: .*GENOME_STATISTICS_PURGED:GFASTATS_HAP
Nov-17 16:07:06.109 [main] WARN  nextflow.Session - There's no process matching config selector: .*GENOME_STATISTICS_PURGED:BUSCO_PRI
Nov-17 16:07:06.109 [main] WARN  nextflow.Session - There's no process matching config selector: .*GENOME_STATISTICS_PURGED:MERQURYFK_MERQURYFK
Nov-17 16:07:06.109 [main] WARN  nextflow.Session - There's no process matching config selector: .*HIC_MAPPING:SAMTOOLS_MARKDUP_HIC_MAPPING
Nov-17 16:07:06.109 [main] WARN  nextflow.Session - There's no process matching config selector: .*HIC_MAPPING.*:SAMTOOLS_MERGE_HIC_MAPPING
Nov-17 16:07:06.109 [main] WARN  nextflow.Session - There's no process matching config selector: .*HIC_MAPPING:BAMTOBED_SORT
Nov-17 16:07:06.109 [main] WARN  nextflow.Session - There's no process matching config selector: .*HIC_MAPPING.*:CONVERT_STATS:SAMTOOLS_VIEW
Nov-17 16:07:06.109 [main] WARN  nextflow.Session - There's no process matching config selector: .*HIC_MAPPING:CONVERT_STATS:SAMTOOLS_STATS
Nov-17 16:07:06.109 [main] WARN  nextflow.Session - There's no process matching config selector: .*HIC_MAPPING:CONVERT_STATS:SAMTOOLS_FLAGSTAT
Nov-17 16:07:06.109 [main] WARN  nextflow.Session - There's no process matching config selector: .*HIC_MAPPING:CONVERT_STATS:SAMTOOLS_IDXSTATS
Nov-17 16:07:06.109 [main] WARN  nextflow.Session - There's no process matching config selector: .*SCAFFOLDING:YAHS
Nov-17 16:07:06.109 [main] WARN  nextflow.Session - There's no process matching config selector: .*SCAFFOLDING:COOLER_CLOAD
Nov-17 16:07:06.109 [main] WARN  nextflow.Session - There's no process matching config selector: .*SCAFFOLDING:PRETEXTSNAPSHOT
Nov-17 16:07:06.109 [main] WARN  nextflow.Session - There's no process matching config selector: .*SCAFFOLDING:JUICER_TOOLS_PRE
Nov-17 16:07:06.109 [main] WARN  nextflow.Session - There's no process matching config selector: .*SCAFFOLDING:JUICER_PRE
Nov-17 16:07:06.109 [main] WARN  nextflow.Session - There's no process matching config selector: .*GENOME_STATISTICS_SCAFFOLDS:GFASTATS_PRI
Nov-17 16:07:06.109 [main] WARN  nextflow.Session - There's no process matching config selector: .*GENOME_STATISTICS_SCAFFOLDS:BUSCO_PRI
Nov-17 16:07:06.109 [main] WARN  nextflow.Session - There's no process matching config selector: .*GENOME_STATISTICS_SCAFFOLDS:MERQURYFK_MERQURYFK
Nov-17 16:07:06.109 [main] WARN  nextflow.Session - There's no process matching config selector: .*GENOME_STATISTICS_SCAFFOLDS_HAPS:GFASTATS_PRI
Nov-17 16:07:06.109 [main] WARN  nextflow.Session - There's no process matching config selector: .*GENOME_STATISTICS_SCAFFOLDS_HAPS:GFASTATS_HAP
Nov-17 16:07:06.109 [main] WARN  nextflow.Session - There's no process matching config selector: .*GENOME_STATISTICS_SCAFFOLDS_HAPS:BUSCO_PRI
Nov-17 16:07:06.109 [main] WARN  nextflow.Session - There's no process matching config selector: .*GENOME_STATISTICS_SCAFFOLDS_HAPS:BUSCO_HAP
Nov-17 16:07:06.110 [main] WARN  nextflow.Session - There's no process matching config selector: .*GENOME_STATISTICS_SCAFFOLDS_HAPS:MERQURYFK_MERQURYFK
Nov-17 16:07:06.113 [main] DEBUG nextflow.Session - Igniting dataflow network (16)
Nov-17 16:07:06.114 [main] DEBUG nextflow.processor.TaskProcessor - Starting process > SANGERTOL_GENOMEASSEMBLY:GENOMEASSEMBLY:GENOMESCOPE_MODEL:CAT_CAT_READS
Nov-17 16:07:06.114 [main] DEBUG nextflow.processor.TaskProcessor - Starting process > SANGERTOL_GENOMEASSEMBLY:GENOMEASSEMBLY:GENOMESCOPE_MODEL:FASTK_FASTK
Nov-17 16:07:06.114 [main] DEBUG nextflow.processor.TaskProcessor - Starting process > SANGERTOL_GENOMEASSEMBLY:GENOMEASSEMBLY:GENOMESCOPE_MODEL:FASTK_HISTEX
Nov-17 16:07:06.114 [main] DEBUG nextflow.processor.TaskProcessor - Starting process > SANGERTOL_GENOMEASSEMBLY:GENOMEASSEMBLY:GENOMESCOPE_MODEL:TRIO_PROCESS:YAK_COUNT_PAT
Nov-17 16:07:06.114 [main] DEBUG nextflow.processor.TaskProcessor - Starting process > SANGERTOL_GENOMEASSEMBLY:GENOMEASSEMBLY:GENOMESCOPE_MODEL:TRIO_PROCESS:FASTK_PAT
Nov-17 16:07:06.114 [main] DEBUG nextflow.processor.TaskProcessor - Starting process > SANGERTOL_GENOMEASSEMBLY:GENOMEASSEMBLY:GENOMESCOPE_MODEL:TRIO_PROCESS:YAK_COUNT_MAT
Nov-17 16:07:06.114 [main] DEBUG nextflow.processor.TaskProcessor - Starting process > SANGERTOL_GENOMEASSEMBLY:GENOMEASSEMBLY:GENOMESCOPE_MODEL:TRIO_PROCESS:FASTK_MAT
Nov-17 16:07:06.114 [main] DEBUG nextflow.processor.TaskProcessor - Starting process > SANGERTOL_GENOMEASSEMBLY:GENOMEASSEMBLY:GENOMESCOPE_MODEL:TRIO_PROCESS:MERQURYFK_HAPMAKER
Nov-17 16:07:06.114 [main] DEBUG nextflow.processor.TaskProcessor - Starting process > SANGERTOL_GENOMEASSEMBLY:GENOMEASSEMBLY:GENOMESCOPE_MODEL:GENESCOPEFK
Nov-17 16:07:06.116 [main] DEBUG nextflow.script.ScriptRunner - Parsed script files:
  Script_aa7b03ff260fde92: /ibex/project/c2303/20251019_Galdi-T2T-Assembly/SANGERTOL-TEST/GENOME-ASSEMBLER-TEST_Local_fork_rev_0c2aae85173eba12446e3f325431653e2d697c22/genomeassembly/modules/local/longranger/align/main.nf
  Script_89e112605cfd4f20: /ibex/project/c2303/20251019_Galdi-T2T-Assembly/SANGERTOL-TEST/GENOME-ASSEMBLER-TEST_Local_fork_rev_0c2aae85173eba12446e3f325431653e2d697c22/genomeassembly/subworkflows/local/convert_stats.nf
  Script_9e0d7d9f85245e1e: /ibex/project/c2303/20251019_Galdi-T2T-Assembly/SANGERTOL-TEST/GENOME-ASSEMBLER-TEST_Local_fork_rev_0c2aae85173eba12446e3f325431653e2d697c22/genomeassembly/subworkflows/local/hic_mapping.nf
  Script_450cf603595c3a69: /ibex/project/c2303/20251019_Galdi-T2T-Assembly/SANGERTOL-TEST/GENOME-ASSEMBLER-TEST_Local_fork_rev_0c2aae85173eba12446e3f325431653e2d697c22/genomeassembly/modules/nf-core/busco/main.nf
  Script_8d1530ffcac39ad9: /ibex/project/c2303/20251019_Galdi-T2T-Assembly/SANGERTOL-TEST/GENOME-ASSEMBLER-TEST_Local_fork_rev_0c2aae85173eba12446e3f325431653e2d697c22/genomeassembly/subworkflows/local/purge_dups.nf
  Script_a580e35d43a24d02: /ibex/project/c2303/20251019_Galdi-T2T-Assembly/SANGERTOL-TEST/GENOME-ASSEMBLER-TEST_Local_fork_rev_0c2aae85173eba12446e3f325431653e2d697c22/genomeassembly/modules/nf-core/merquryfk/merquryfk/main.nf
  Script_8e0b634b58fc5b0a: /ibex/project/c2303/20251019_Galdi-T2T-Assembly/SANGERTOL-TEST/GENOME-ASSEMBLER-TEST_Local_fork_rev_0c2aae85173eba12446e3f325431653e2d697c22/genomeassembly/subworkflows/local/genomescope_model/main.nf
  Script_3561997fc94d6f98: /ibex/project/c2303/20251019_Galdi-T2T-Assembly/SANGERTOL-TEST/GENOME-ASSEMBLER-TEST_Local_fork_rev_0c2aae85173eba12446e3f325431653e2d697c22/genomeassembly/modules/nf-core/samtools/view/main.nf
  Script_a33a375a1d3d6ba9: /ibex/project/c2303/20251019_Galdi-T2T-Assembly/SANGERTOL-TEST/GENOME-ASSEMBLER-TEST_Local_fork_rev_0c2aae85173eba12446e3f325431653e2d697c22/genomeassembly/modules/nf-core/bcftools/norm/main.nf
  Script_564eb4a89a3c254a: /ibex/project/c2303/20251019_Galdi-T2T-Assembly/SANGERTOL-TEST/GENOME-ASSEMBLER-TEST_Local_fork_rev_0c2aae85173eba12446e3f325431653e2d697c22/genomeassembly/subworkflows/local/genome_statistics.nf
  Script_f54241cedf8b66b1: /ibex/project/c2303/20251019_Galdi-T2T-Assembly/SANGERTOL-TEST/GENOME-ASSEMBLER-TEST_Local_fork_rev_0c2aae85173eba12446e3f325431653e2d697c22/genomeassembly/modules/nf-core/yak/count/main.nf
  Script_7988170f0760fb6f: /ibex/project/c2303/20251019_Galdi-T2T-Assembly/SANGERTOL-TEST/GENOME-ASSEMBLER-TEST_Local_fork_rev_0c2aae85173eba12446e3f325431653e2d697c22/genomeassembly/workflows/genomeassembly.nf
  Script_4e9e9dfb12c4e890: /ibex/project/c2303/20251019_Galdi-T2T-Assembly/SANGERTOL-TEST/GENOME-ASSEMBLER-TEST_Local_fork_rev_0c2aae85173eba12446e3f325431653e2d697c22/genomeassembly/modules/nf-core/bcftools/consensus/main.nf
  Script_08e8120406c42c87: /ibex/project/c2303/20251019_Galdi-T2T-Assembly/SANGERTOL-TEST/GENOME-ASSEMBLER-TEST_Local_fork_rev_0c2aae85173eba12446e3f325431653e2d697c22/genomeassembly/modules/nf-core/samtools/stats/main.nf
  Script_4096f0675702059a: /ibex/project/c2303/20251019_Galdi-T2T-Assembly/SANGERTOL-TEST/GENOME-ASSEMBLER-TEST_Local_fork_rev_0c2aae85173eba12446e3f325431653e2d697c22/genomeassembly/modules/nf-core/freebayes/main.nf
  Script_cb211c549341a328: /ibex/project/c2303/20251019_Galdi-T2T-Assembly/SANGERTOL-TEST/GENOME-ASSEMBLER-TEST_Local_fork_rev_0c2aae85173eba12446e3f325431653e2d697c22/genomeassembly/modules/nf-core/samtools/idxstats/main.nf
  Script_d4f69a28bab7b5ac: /ibex/project/c2303/20251019_Galdi-T2T-Assembly/SANGERTOL-TEST/GENOME-ASSEMBLER-TEST_Local_fork_rev_0c2aae85173eba12446e3f325431653e2d697c22/genomeassembly/modules/nf-core/seqtk/subseq/main.nf
  Script_a32923622b6038f6: /ibex/project/c2303/20251019_Galdi-T2T-Assembly/SANGERTOL-TEST/GENOME-ASSEMBLER-TEST_Local_fork_rev_0c2aae85173eba12446e3f325431653e2d697c22/genomeassembly/modules/local/get_calcuts_params.nf
  Script_aacf09ac6874e163: /ibex/project/c2303/20251019_Galdi-T2T-Assembly/SANGERTOL-TEST/GENOME-ASSEMBLER-TEST_Local_fork_rev_0c2aae85173eba12446e3f325431653e2d697c22/genomeassembly/subworkflows/local/hic_bwamem2.nf
  Script_ea0fafa6043db150: /ibex/project/c2303/20251019_Galdi-T2T-Assembly/SANGERTOL-TEST/GENOME-ASSEMBLER-TEST_Local_fork_rev_0c2aae85173eba12446e3f325431653e2d697c22/genomeassembly/modules/nf-core/yahs/main.nf
  Script_a4905a73e1a2f1ce: /ibex/project/c2303/20251019_Galdi-T2T-Assembly/SANGERTOL-TEST/GENOME-ASSEMBLER-TEST_Local_fork_rev_0c2aae85173eba12446e3f325431653e2d697c22/genomeassembly/modules/nf-core/cat/cat/main.nf
  Script_8e81ae2b968afee5: /ibex/project/c2303/20251019_Galdi-T2T-Assembly/SANGERTOL-TEST/GENOME-ASSEMBLER-TEST_Local_fork_rev_0c2aae85173eba12446e3f325431653e2d697c22/genomeassembly/modules/nf-core/samtools/merge/main.nf
  Script_a087bb888527713b: /ibex/project/c2303/20251019_Galdi-T2T-Assembly/SANGERTOL-TEST/GENOME-ASSEMBLER-TEST_Local_fork_rev_0c2aae85173eba12446e3f325431653e2d697c22/genomeassembly/modules/local/generate_cram_csv.nf
  Script_0d3ce29268c00401: /ibex/project/c2303/20251019_Galdi-T2T-Assembly/SANGERTOL-TEST/GENOME-ASSEMBLER-TEST_Local_fork_rev_0c2aae85173eba12446e3f325431653e2d697c22/genomeassembly/modules/nf-core/purgedups/splitfa/main.nf
  Script_fbf08554d711bece: /ibex/project/c2303/20251019_Galdi-T2T-Assembly/SANGERTOL-TEST/GENOME-ASSEMBLER-TEST_Local_fork_rev_0c2aae85173eba12446e3f325431653e2d697c22/genomeassembly/modules/nf-core/gatk4/mergevcfs/main.nf
  Script_b057ffa7e91f73a2: /ibex/project/c2303/20251019_Galdi-T2T-Assembly/SANGERTOL-TEST/GENOME-ASSEMBLER-TEST_Local_fork_rev_0c2aae85173eba12446e3f325431653e2d697c22/genomeassembly/modules/nf-core/purgedups/getseqs/main.nf
  Script_e4a7ddef4c4a998b: /ibex/project/c2303/20251019_Galdi-T2T-Assembly/SANGERTOL-TEST/GENOME-ASSEMBLER-TEST_Local_fork_rev_0c2aae85173eba12446e3f325431653e2d697c22/genomeassembly/modules/nf-core/minimap2/index/main.nf
  Script_5ca21da1f350a6ba: /ibex/project/c2303/20251019_Galdi-T2T-Assembly/SANGERTOL-TEST/GENOME-ASSEMBLER-TEST_Local_fork_rev_0c2aae85173eba12446e3f325431653e2d697c22/genomeassembly/modules/nf-core/cooler/zoomify/main.nf
  Script_1dbce7086e1a15e1: /ibex/project/c2303/20251019_Galdi-T2T-Assembly/SANGERTOL-TEST/GENOME-ASSEMBLER-TEST_Local_fork_rev_0c2aae85173eba12446e3f325431653e2d697c22/genomeassembly/modules/nf-core/pretextmap/main.nf
  Script_d5ea471dea270df3: /ibex/project/c2303/20251019_Galdi-T2T-Assembly/SANGERTOL-TEST/GENOME-ASSEMBLER-TEST_Local_fork_rev_0c2aae85173eba12446e3f325431653e2d697c22/genomeassembly/modules/local/bed_chunks.nf
  Script_f94987753f5535a4: /ibex/project/c2303/20251019_Galdi-T2T-Assembly/SANGERTOL-TEST/GENOME-ASSEMBLER-TEST_Local_fork_rev_0c2aae85173eba12446e3f325431653e2d697c22/genomeassembly/modules/nf-core/mitohifi/findmitoreference/main.nf
  Script_b03be2772b1957f5: /ibex/project/c2303/20251019_Galdi-T2T-Assembly/SANGERTOL-TEST/GENOME-ASSEMBLER-TEST_Local_fork_rev_0c2aae85173eba12446e3f325431653e2d697c22/genomeassembly/modules/nf-core/cooler/cload/main.nf
  Script_e9c07e3505f0e32a: /ibex/project/c2303/20251019_Galdi-T2T-Assembly/SANGERTOL-TEST/GENOME-ASSEMBLER-TEST_Local_fork_rev_0c2aae85173eba12446e3f325431653e2d697c22/genomeassembly/modules/nf-core/bcftools/concat/main.nf
  Script_eea6719602d137b5: /ibex/project/c2303/20251019_Galdi-T2T-Assembly/SANGERTOL-TEST/GENOME-ASSEMBLER-TEST_Local_fork_rev_0c2aae85173eba12446e3f325431653e2d697c22/genomeassembly/modules/nf-core/genescopefk/main.nf
  Script_813f8bd24f68044c: /ibex/project/c2303/20251019_Galdi-T2T-Assembly/SANGERTOL-TEST/GENOME-ASSEMBLER-TEST_Local_fork_rev_0c2aae85173eba12446e3f325431653e2d697c22/genomeassembly/modules/nf-core/samtools/flagstat/main.nf
  Script_9838e8cbbdd26217: /ibex/project/c2303/20251019_Galdi-T2T-Assembly/SANGERTOL-TEST/GENOME-ASSEMBLER-TEST_Local_fork_rev_0c2aae85173eba12446e3f325431653e2d697c22/genomeassembly/modules/local/merquryfk_hapmaker.nf
  Script_0e1385d55e695123: /ibex/project/c2303/20251019_Galdi-T2T-Assembly/SANGERTOL-TEST/GENOME-ASSEMBLER-TEST_Local_fork_rev_0c2aae85173eba12446e3f325431653e2d697c22/genomeassembly/modules/nf-core/bcftools/sort/main.nf
  Script_864cf4719ca0504e: /ibex/project/c2303/20251019_Galdi-T2T-Assembly/SANGERTOL-TEST/GENOME-ASSEMBLER-TEST_Local_fork_rev_0c2aae85173eba12446e3f325431653e2d697c22/genomeassembly/modules/nf-core/mitohifi/mitohifi/main.nf
  Script_4c96f376d781fe3a: /ibex/project/c2303/20251019_Galdi-T2T-Assembly/SANGERTOL-TEST/GENOME-ASSEMBLER-TEST_Local_fork_rev_0c2aae85173eba12446e3f325431653e2d697c22/genomeassembly/modules/nf-core/fastk/fastk/main.nf
  Script_622d4b2a91e75ea6: /ibex/project/c2303/20251019_Galdi-T2T-Assembly/SANGERTOL-TEST/GENOME-ASSEMBLER-TEST_Local_fork_rev_0c2aae85173eba12446e3f325431653e2d697c22/genomeassembly/modules/nf-core/samtools/index/main.nf
  Script_b342aed228e3f274: /ibex/project/c2303/20251019_Galdi-T2T-Assembly/SANGERTOL-TEST/GENOME-ASSEMBLER-TEST_Local_fork_rev_0c2aae85173eba12446e3f325431653e2d697c22/genomeassembly/subworkflows/local/scaffolding.nf
  Script_ed773fa8a32f8f37: /ibex/project/c2303/20251019_Galdi-T2T-Assembly/SANGERTOL-TEST/GENOME-ASSEMBLER-TEST_Local_fork_rev_0c2aae85173eba12446e3f325431653e2d697c22/genomeassembly/modules/nf-core/oatk/main.nf
  Script_8e5a33240a7a8729: /ibex/project/c2303/20251019_Galdi-T2T-Assembly/SANGERTOL-TEST/GENOME-ASSEMBLER-TEST_Local_fork_rev_0c2aae85173eba12446e3f325431653e2d697c22/genomeassembly/modules/local/keep_seqnames.nf
  Script_6d6f797a4a5c079c: /ibex/project/c2303/20251019_Galdi-T2T-Assembly/SANGERTOL-TEST/GENOME-ASSEMBLER-TEST_Local_fork_rev_0c2aae85173eba12446e3f325431653e2d697c22/genomeassembly/modules/nf-core/purgedups/calcuts/main.nf
  Script_f560ba5b2809315b: /ibex/project/c2303/20251019_Galdi-T2T-Assembly/SANGERTOL-TEST/GENOME-ASSEMBLER-TEST_Local_fork_rev_0c2aae85173eba12446e3f325431653e2d697c22/genomeassembly/modules/nf-core/custom/dumpsoftwareversions/main.nf
  Script_ea35d5971a7a106e: /ibex/project/c2303/20251019_Galdi-T2T-Assembly/SANGERTOL-TEST/GENOME-ASSEMBLER-TEST_Local_fork_rev_0c2aae85173eba12446e3f325431653e2d697c22/genomeassembly/subworkflows/local/organelles.nf
  Script_834b225b85296142: /ibex/project/c2303/20251019_Galdi-T2T-Assembly/SANGERTOL-TEST/GENOME-ASSEMBLER-TEST_Local_fork_rev_0c2aae85173eba12446e3f325431653e2d697c22/genomeassembly/modules/local/prepare_pretext_input.nf
  Script_0843ffb2b86ff77e: /ibex/project/c2303/20251019_Galdi-T2T-Assembly/SANGERTOL-TEST/GENOME-ASSEMBLER-TEST_Local_fork_rev_0c2aae85173eba12446e3f325431653e2d697c22/genomeassembly/subworkflows/local/polishing.nf
  Script_057e6c6647b1b90b: /ibex/project/c2303/20251019_Galdi-T2T-Assembly/SANGERTOL-TEST/GENOME-ASSEMBLER-TEST_Local_fork_rev_0c2aae85173eba12446e3f325431653e2d697c22/genomeassembly/subworkflows/local/raw_assembly.nf
  Script_ccf78deea6f69e00: /ibex/project/c2303/20251019_Galdi-T2T-Assembly/SANGERTOL-TEST/GENOME-ASSEMBLER-TEST_Local_fork_rev_0c2aae85173eba12446e3f325431653e2d697c22/genomeassembly/modules/nf-core/gfastats/main.nf
  Script_748c1752a6a685d2: /ibex/project/c2303/20251019_Galdi-T2T-Assembly/SANGERTOL-TEST/GENOME-ASSEMBLER-TEST_Local_fork_rev_0c2aae85173eba12446e3f325431653e2d697c22/genomeassembly/modules/nf-core/bcftools/view/main.nf
  Script_9e527d20186e2345: /ibex/project/c2303/20251019_Galdi-T2T-Assembly/SANGERTOL-TEST/GENOME-ASSEMBLER-TEST_Local_fork_rev_0c2aae85173eba12446e3f325431653e2d697c22/genomeassembly/modules/nf-core/fastk/histex/main.nf
  Script_5ae50dff57a79d71: /ibex/project/c2303/20251019_Galdi-T2T-Assembly/SANGERTOL-TEST/GENOME-ASSEMBLER-TEST_Local_fork_rev_0c2aae85173eba12446e3f325431653e2d697c22/genomeassembly/modules/local/bamtobed_sort.nf
  Script_32c95e032796a78f: /ibex/project/c2303/20251019_Galdi-T2T-Assembly/SANGERTOL-TEST/GENOME-ASSEMBLER-TEST_Local_fork_rev_0c2aae85173eba12446e3f325431653e2d697c22/genomeassembly/modules/local/longranger/mkref/main.nf
  Script_0922dde7b4e60bde: /ibex/project/c2303/20251019_Galdi-T2T-Assembly/SANGERTOL-TEST/GENOME-ASSEMBLER-TEST_Local_fork_rev_0c2aae85173eba12446e3f325431653e2d697c22/genomeassembly/modules/nf-core/bwamem2/index/main.nf
  Script_c2201b497ebc69ad: /ibex/project/c2303/20251019_Galdi-T2T-Assembly/SANGERTOL-TEST/GENOME-ASSEMBLER-TEST_Local_fork_rev_0c2aae85173eba12446e3f325431653e2d697c22/genomeassembly/modules/nf-core/purgedups/purgedups/main.nf
  Script_9de9a80ff8ad3411: /ibex/project/c2303/20251019_Galdi-T2T-Assembly/SANGERTOL-TEST/GENOME-ASSEMBLER-TEST_Local_fork_rev_0c2aae85173eba12446e3f325431653e2d697c22/genomeassembly/modules/local/gfa_to_fasta.nf
  Script_08b6923cf0e0c218: /ibex/project/c2303/20251019_Galdi-T2T-Assembly/SANGERTOL-TEST/GENOME-ASSEMBLER-TEST_Local_fork_rev_0c2aae85173eba12446e3f325431653e2d697c22/genomeassembly/main.nf
  Script_b0e9f36270d2c792: /ibex/project/c2303/20251019_Galdi-T2T-Assembly/SANGERTOL-TEST/GENOME-ASSEMBLER-TEST_Local_fork_rev_0c2aae85173eba12446e3f325431653e2d697c22/genomeassembly/modules/nf-core/bcftools/index/main.nf
  Script_6ac50a62cb12ecdc: /ibex/project/c2303/20251019_Galdi-T2T-Assembly/SANGERTOL-TEST/GENOME-ASSEMBLER-TEST_Local_fork_rev_0c2aae85173eba12446e3f325431653e2d697c22/genomeassembly/subworkflows/local/prepare_input.nf
  Script_1c4b9a1e8790c1e2: /ibex/project/c2303/20251019_Galdi-T2T-Assembly/SANGERTOL-TEST/GENOME-ASSEMBLER-TEST_Local_fork_rev_0c2aae85173eba12446e3f325431653e2d697c22/genomeassembly/modules/nf-core/samtools/markdup/main.nf
  Script_9c1b595be48c8650: /ibex/project/c2303/20251019_Galdi-T2T-Assembly/SANGERTOL-TEST/GENOME-ASSEMBLER-TEST_Local_fork_rev_0c2aae85173eba12446e3f325431653e2d697c22/genomeassembly/modules/local/longranger_coverage.nf
  Script_a9460069bad70e4d: /ibex/project/c2303/20251019_Galdi-T2T-Assembly/SANGERTOL-TEST/GENOME-ASSEMBLER-TEST_Local_fork_rev_0c2aae85173eba12446e3f325431653e2d697c22/genomeassembly/modules/nf-core/pretextsnapshot/main.nf
  Script_e1a489f1eb2ab75d: /ibex/project/c2303/20251019_Galdi-T2T-Assembly/SANGERTOL-TEST/GENOME-ASSEMBLER-TEST_Local_fork_rev_0c2aae85173eba12446e3f325431653e2d697c22/genomeassembly/modules/nf-core/hifiasm/main.nf
  Script_6a723b7a2843d595: /ibex/project/c2303/20251019_Galdi-T2T-Assembly/SANGERTOL-TEST/GENOME-ASSEMBLER-TEST_Local_fork_rev_0c2aae85173eba12446e3f325431653e2d697c22/genomeassembly/modules/local/juicer_pre.nf
  Script_643233618d04c07e: /ibex/project/c2303/20251019_Galdi-T2T-Assembly/SANGERTOL-TEST/GENOME-ASSEMBLER-TEST_Local_fork_rev_0c2aae85173eba12446e3f325431653e2d697c22/genomeassembly/modules/local/smudgeplot/main.nf
  Script_257773e985b10bce: /ibex/project/c2303/20251019_Galdi-T2T-Assembly/SANGERTOL-TEST/GENOME-ASSEMBLER-TEST_Local_fork_rev_0c2aae85173eba12446e3f325431653e2d697c22/genomeassembly/subworkflows/local/trio_mode.nf
  Script_f5bd661edf54a976: /ibex/project/c2303/20251019_Galdi-T2T-Assembly/SANGERTOL-TEST/GENOME-ASSEMBLER-TEST_Local_fork_rev_0c2aae85173eba12446e3f325431653e2d697c22/genomeassembly/modules/local/cram_filter_minimap2_filter5end_fixmate_sort.nf
  Script_ff9f5b53454bed17: /ibex/project/c2303/20251019_Galdi-T2T-Assembly/SANGERTOL-TEST/GENOME-ASSEMBLER-TEST_Local_fork_rev_0c2aae85173eba12446e3f325431653e2d697c22/genomeassembly/subworkflows/local/hic_minimap2.nf
  Script_e1a2f294fc039f8c: /ibex/project/c2303/20251019_Galdi-T2T-Assembly/SANGERTOL-TEST/GENOME-ASSEMBLER-TEST_Local_fork_rev_0c2aae85173eba12446e3f325431653e2d697c22/genomeassembly/modules/local/juicer_tools_pre.nf
  Script_feb5d821025d3acf: /ibex/project/c2303/20251019_Galdi-T2T-Assembly/SANGERTOL-TEST/GENOME-ASSEMBLER-TEST_Local_fork_rev_0c2aae85173eba12446e3f325431653e2d697c22/genomeassembly/modules/nf-core/purgedups/pbcstat/main.nf
  Script_f1ff6e7cc7627b06: /ibex/project/c2303/20251019_Galdi-T2T-Assembly/SANGERTOL-TEST/GENOME-ASSEMBLER-TEST_Local_fork_rev_0c2aae85173eba12446e3f325431653e2d697c22/genomeassembly/modules/local/cram_filter_align_bwamem2_fixmate_sort.nf
  Script_0cc59a58c0c28965: /ibex/project/c2303/20251019_Galdi-T2T-Assembly/SANGERTOL-TEST/GENOME-ASSEMBLER-TEST_Local_fork_rev_0c2aae85173eba12446e3f325431653e2d697c22/genomeassembly/modules/nf-core/minimap2/align/main.nf
  Script_82c5624f5f63abe7: /ibex/project/c2303/20251019_Galdi-T2T-Assembly/SANGERTOL-TEST/GENOME-ASSEMBLER-TEST_Local_fork_rev_0c2aae85173eba12446e3f325431653e2d697c22/genomeassembly/modules/nf-core/samtools/faidx/main.nf
  Script_e73ee4156be270fe: /ibex/project/c2303/20251019_Galdi-T2T-Assembly/SANGERTOL-TEST/GENOME-ASSEMBLER-TEST_Local_fork_rev_0c2aae85173eba12446e3f325431653e2d697c22/genomeassembly/modules/local/chrom_sizes.nf
Nov-17 16:07:06.116 [main] DEBUG nextflow.script.ScriptRunner - > Awaiting termination 
Nov-17 16:07:06.116 [main] DEBUG nextflow.Session - Session await
Nov-17 16:07:07.282 [Actor Thread 30] DEBUG n.file.http.XFileSystemProvider - Remote redirect location: https://raw.githubusercontent.com/c-zhou/OatkDB/main/v20230921/embryophyta_mito.fam
Nov-17 16:07:08.500 [Actor Thread 30] DEBUG n.file.http.XFileSystemProvider - Remote redirect location: https://raw.githubusercontent.com/c-zhou/OatkDB/main/v20230921/embryophyta_mito.fam
Nov-17 16:07:09.711 [Actor Thread 30] DEBUG n.file.http.XFileSystemProvider - Remote redirect location: https://raw.githubusercontent.com/c-zhou/OatkDB/main/v20230921/embryophyta_pltd.fam
Nov-17 16:07:10.925 [Actor Thread 30] DEBUG n.file.http.XFileSystemProvider - Remote redirect location: https://raw.githubusercontent.com/c-zhou/OatkDB/main/v20230921/embryophyta_pltd.fam
Nov-17 16:07:14.181 [Actor Thread 34] DEBUG nextflow.container.SingularityCache - Singularity found local library for image=https://depot.galaxyproject.org/singularity/pigz:2.3.4; path=/biocorelab/BIX/resources/singularity/images/depot.galaxyproject.org-singularity-pigz-2.3.4.img
Nov-17 16:07:14.420 [Task submitter] DEBUG nextflow.executor.GridTaskHandler - [SLURM] submitted process SANGERTOL_GENOMEASSEMBLY:GENOMEASSEMBLY:GENOMESCOPE_MODEL:CAT_CAT_READS (Galderia_gt20kb_50x) > jobId: 42379117; workDir: /ibex/scratch/projects/c2303/work/a9/1c31aae34452d53798b6034272b6b5
Nov-17 16:07:14.421 [Task submitter] INFO  nextflow.Session - [a9/1c31aa] Submitted process > SANGERTOL_GENOMEASSEMBLY:GENOMEASSEMBLY:GENOMESCOPE_MODEL:CAT_CAT_READS (Galderia_gt20kb_50x)
Nov-17 16:07:25.820 [Task monitor] DEBUG n.processor.TaskPollingMonitor - Task completed > TaskHandler[jobId: 42379117; id: 1; name: SANGERTOL_GENOMEASSEMBLY:GENOMEASSEMBLY:GENOMESCOPE_MODEL:CAT_CAT_READS (Galderia_gt20kb_50x); status: COMPLETED; exit: 0; error: -; workDir: /ibex/scratch/projects/c2303/work/a9/1c31aae34452d53798b6034272b6b5 started: 1763384840818; exited: 2025-11-17T13:07:21.404263714Z; ]
Nov-17 16:07:25.822 [Task monitor] DEBUG nextflow.util.ThreadPoolBuilder - Creating thread pool 'TaskFinalizer' minSize=10; maxSize=120; workQueue=LinkedBlockingQueue[-1]; allowCoreThreadTimeout=false
Nov-17 16:07:25.871 [Actor Thread 29] DEBUG nextflow.container.SingularityCache - Singularity found local store for image=docker://ghcr.io/nbisweden/fastk_genescopefk_merquryfk:1.2; path=/ibex/user/pampum/.singularity/nf_images/ghcr.io-nbisweden-fastk_genescopefk_merquryfk-1.2.img
Nov-17 16:07:26.018 [Task submitter] DEBUG nextflow.executor.GridTaskHandler - [SLURM] submitted process SANGERTOL_GENOMEASSEMBLY:GENOMEASSEMBLY:GENOMESCOPE_MODEL:FASTK_FASTK (Galderia_gt20kb_50x) > jobId: 42379119; workDir: /ibex/scratch/projects/c2303/work/8f/abe010e439daea2d6eab0921fc3d0a
Nov-17 16:07:26.018 [Task submitter] INFO  nextflow.Session - [8f/abe010] Submitted process > SANGERTOL_GENOMEASSEMBLY:GENOMEASSEMBLY:GENOMESCOPE_MODEL:FASTK_FASTK (Galderia_gt20kb_50x)
Nov-17 16:08:40.824 [Task monitor] DEBUG n.processor.TaskPollingMonitor - Task completed > TaskHandler[jobId: 42379119; id: 2; name: SANGERTOL_GENOMEASSEMBLY:GENOMEASSEMBLY:GENOMESCOPE_MODEL:FASTK_FASTK (Galderia_gt20kb_50x); status: COMPLETED; exit: 0; error: -; workDir: /ibex/scratch/projects/c2303/work/8f/abe010e439daea2d6eab0921fc3d0a started: 1763384850819; exited: 2025-11-17T13:08:37.639379929Z; ]
Nov-17 16:08:40.981 [TaskFinalizer-2] DEBUG nextflow.processor.TaskProcessor - Process SANGERTOL_GENOMEASSEMBLY:GENOMEASSEMBLY:GENOMESCOPE_MODEL:FASTK_FASTK > Skipping output binding because one or more optional files are missing: fileoutparam<2:1>
Nov-17 16:08:40.995 [TaskFinalizer-2] DEBUG nextflow.util.ThreadPoolBuilder - Creating thread pool 'PublishDir' minSize=10; maxSize=120; workQueue=LinkedBlockingQueue[-1]; allowCoreThreadTimeout=false
Nov-17 16:08:41.158 [Task submitter] DEBUG nextflow.executor.GridTaskHandler - [SLURM] submitted process SANGERTOL_GENOMEASSEMBLY:GENOMEASSEMBLY:GENOMESCOPE_MODEL:FASTK_HISTEX (Galderia_gt20kb_50x) > jobId: 42379124; workDir: /ibex/scratch/projects/c2303/work/cb/f8f3d450cb125347d6ffd9097f5c4b
Nov-17 16:08:41.159 [Task submitter] INFO  nextflow.Session - [cb/f8f3d4] Submitted process > SANGERTOL_GENOMEASSEMBLY:GENOMEASSEMBLY:GENOMESCOPE_MODEL:FASTK_HISTEX (Galderia_gt20kb_50x)
Nov-17 16:08:45.832 [Task monitor] DEBUG n.processor.TaskPollingMonitor - Task completed > TaskHandler[jobId: 42379124; id: 3; name: SANGERTOL_GENOMEASSEMBLY:GENOMEASSEMBLY:GENOMESCOPE_MODEL:FASTK_HISTEX (Galderia_gt20kb_50x); status: COMPLETED; exit: 0; error: -; workDir: /ibex/scratch/projects/c2303/work/cb/f8f3d450cb125347d6ffd9097f5c4b started: 1763384925825; exited: 2025-11-17T13:08:44.403000634Z; ]
Nov-17 16:08:45.960 [Task submitter] DEBUG nextflow.executor.GridTaskHandler - [SLURM] submitted process SANGERTOL_GENOMEASSEMBLY:GENOMEASSEMBLY:GENOMESCOPE_MODEL:GENESCOPEFK (Galderia_gt20kb_50x) > jobId: 42379125; workDir: /ibex/scratch/projects/c2303/work/63/b1da8996bcb144a35dda97e24cd338
Nov-17 16:08:45.961 [Task submitter] INFO  nextflow.Session - [63/b1da89] Submitted process > SANGERTOL_GENOMEASSEMBLY:GENOMEASSEMBLY:GENOMESCOPE_MODEL:GENESCOPEFK (Galderia_gt20kb_50x)
Nov-17 16:08:55.826 [Task monitor] DEBUG n.processor.TaskPollingMonitor - Task completed > TaskHandler[jobId: 42379125; id: 4; name: SANGERTOL_GENOMEASSEMBLY:GENOMEASSEMBLY:GENOMESCOPE_MODEL:GENESCOPEFK (Galderia_gt20kb_50x); status: COMPLETED; exit: 0; error: -; workDir: /ibex/scratch/projects/c2303/work/63/b1da8996bcb144a35dda97e24cd338 started: 1763384930827; exited: 2025-11-17T13:08:51.823156514Z; ]
Nov-17 16:08:55.855 [main] DEBUG nextflow.Session - Session await > all processes finished
Nov-17 16:09:00.825 [Task monitor] DEBUG n.processor.TaskPollingMonitor - <<< barrier arrives (monitor: slurm) - terminating tasks monitor poll loop
Nov-17 16:09:00.826 [main] DEBUG nextflow.Session - Session await > all barriers passed
Nov-17 16:09:00.832 [main] DEBUG nextflow.util.ThreadPoolManager - Thread pool 'TaskFinalizer' shutdown completed (hard=false)
Nov-17 16:09:00.833 [main] DEBUG nextflow.util.ThreadPoolManager - Thread pool 'PublishDir' shutdown completed (hard=false)
Nov-17 16:09:00.840 [main] INFO  nextflow.Nextflow - -[0;35m[sanger-tol/genomeassembly][0;32m Pipeline completed successfully[0m-
Nov-17 16:09:00.848 [main] DEBUG n.trace.WorkflowStatsObserver - Workflow completed > WorkflowStats[succeededCount=4; failedCount=0; ignoredCount=0; cachedCount=0; pendingCount=0; submittedCount=0; runningCount=0; retriesCount=0; abortedCount=0; succeedDuration=14m 13s; failedDuration=0ms; cachedDuration=0ms;loadCpus=0; loadMemory=0; peakRunning=1; peakCpus=12; peakMemory=97 GB; ]
Nov-17 16:09:00.848 [main] DEBUG nextflow.trace.TraceFileObserver - Workflow completed -- saving trace file
Nov-17 16:09:00.850 [main] DEBUG nextflow.trace.ReportObserver - Workflow completed -- rendering execution report
Nov-17 16:09:01.415 [main] DEBUG nextflow.trace.TimelineObserver - Workflow completed -- rendering execution timeline
Nov-17 16:09:01.635 [main] DEBUG nextflow.cache.CacheDB - Closing CacheDB done
Nov-17 16:09:01.680 [main] DEBUG nextflow.util.ThreadPoolManager - Thread pool 'FileTransfer' shutdown completed (hard=false)
Nov-17 16:09:01.680 [main] DEBUG nextflow.script.ScriptRunner - > Execution complete -- Goodbye
